
> berber@0.0.0 build
> vite build

[36mvite v8.0.3 [32mbuilding client environment for production...[36m[39m
[2K
transforming...Ô£ô 42 modules transformed.
rendering chunks...
computing gzip size...
dist/index.html                   0.45 kB Ôöé gzip:  0.29 kB
dist/assets/index-5g9mKF9g.css   41.44 kB Ôöé gzip:  7.55 kB
dist/assets/index-B1RSVka7.js   256.23 kB Ôöé gzip: 75.91 kB

[32mÔ£ô built in 523ms[39m
